Link map of __start
>>> SYMBOL NOT FOUND: _ctors
>>> SYMBOL NOT FOUND: ModuleConstructorsX
>>> SYMBOL NOT FOUND: ModuleProlog
>>> SYMBOL NOT FOUND: ModuleEpilog
>>> SYMBOL NOT FOUND: _dtors
>>> SYMBOL NOT FOUND: ModuleDestructorsX
>>> SYMBOL NOT FOUND: ModuleUnresolved
>>> SYMBOL NOT FOUND: fopAcM_myRoomSearchEnemy__FSc
>>> SYMBOL NOT FOUND: g_dComIfG_gameInfo
>>> SYMBOL NOT FOUND: onSwitch__10dSv_info_cFii
>>> SYMBOL NOT FOUND: fopAcM_orderOtherEventId__FP10fopAc_ac_csUcUsUsUs
>>> SYMBOL NOT FOUND: endCheck__16dEvent_manager_cFs
>>> SYMBOL NOT FOUND: reset__14dEvt_control_cFv
>>> SYMBOL NOT FOUND: searchMapEventData__14dEvt_control_cFUcl
>>> SYMBOL NOT FOUND: getEventIdx__16dEvent_manager_cFP10fopAc_ac_cUc
>>> SYMBOL NOT FOUND: __dt__10fopAc_ac_cFv
>>> SYMBOL NOT FOUND: _savegpr_29
>>> SYMBOL NOT FOUND: __ct__10fopAc_ac_cFv
>>> SYMBOL NOT FOUND: isSwitch__10dSv_info_cCFii
>>> SYMBOL NOT FOUND: _restgpr_29
>>> SYMBOL NOT FOUND: g_fpcLf_Method
>>> SYMBOL NOT FOUND: g_fopAc_Method


.compress.init section layout
  Starting        Virtual  File
  address  Size   address  offset
  ---------------------------------


.init section layout
  Starting        Virtual  File
  address  Size   address  offset
  ---------------------------------


.compress.text section layout
  Starting        Virtual  File
  address  Size   address  offset
  ---------------------------------


.text section layout
  Starting        Virtual  File
  address  Size   address  offset
  ---------------------------------
  00000000 000078 00000000 00000040  1 .text 	executor.o 
  00000000 00002c 00000000 00000040  4 _prolog 	executor.o 
  0000002c 00002c 0000002c 0000006c  4 _epilog 	executor.o 
  00000058 000020 00000058 00000098  4 _unresolved 	executor.o 
  00000078 000504 00000078 000000b8  1 .text 	d_a_alldie.o 
  00000078 00000c 00000078 000000b8  4 getEventNo__10daAlldie_cFv 	d_a_alldie.o 
  00000084 00000c 00000084 000000c4  4 getSwbit__10daAlldie_cFv 	d_a_alldie.o 
  00000090 000008 00000090 000000d0  4 actionWait__10daAlldie_cFv 	d_a_alldie.o 
  00000098 000050 00000098 000000d8  4 actionCheck__10daAlldie_cFv 	d_a_alldie.o 
  000000e8 0000b0 000000e8 00000128  4 actionTimer__10daAlldie_cFv 	d_a_alldie.o 
  00000198 000068 00000198 000001d8  4 actionOrder__10daAlldie_cFv 	d_a_alldie.o 
  00000200 0000a4 00000200 00000240  4 actionEvent__10daAlldie_cFv 	d_a_alldie.o 
  000002a4 0000cc 000002a4 000002e4  4 actionNext__10daAlldie_cFv 	d_a_alldie.o 
  00000370 00007c 00000370 000003b0  4 execute__10daAlldie_cFv 	d_a_alldie.o 
  000003ec 000008 000003ec 0000042c  4 daAlldie_Draw__FP10daAlldie_c 	d_a_alldie.o 
  000003f4 000024 000003f4 00000434  4 daAlldie_Execute__FP10daAlldie_c 	d_a_alldie.o 
  00000418 000008 00000418 00000458  4 daAlldie_IsDelete__FP10daAlldie_c 	d_a_alldie.o 
  00000420 000030 00000420 00000460  4 daAlldie_Delete__FP10daAlldie_c 	d_a_alldie.o 
  00000450 00012c 00000450 00000490  4 daAlldie_Create__FP10fopAc_ac_c 	d_a_alldie.o 


.compress.fini section layout
  Starting        Virtual  File
  address  Size   address  offset
  ---------------------------------


.fini section layout
  Starting        Virtual  File
  address  Size   address  offset
  ---------------------------------


.rodata section layout
  Starting        Virtual  File
  address  Size   address  offset
  ---------------------------------


.ctors section layout
  Starting        Virtual  File
  address  Size   address  offset
  ---------------------------------


.dtors section layout
  Starting        Virtual  File
  address  Size   address  offset
  ---------------------------------


extab section layout
  Starting        Virtual  File
  address  Size   address  offset
  ---------------------------------


extabindex section layout
  Starting        Virtual  File
  address  Size   address  offset
  ---------------------------------


.BINARY section layout
  Starting        Virtual  File
  address  Size   address  offset
  ---------------------------------


.data section layout
  Starting        Virtual  File
  address  Size   address  offset
  ---------------------------------
  00000000 000050 00000000 000005c0  1 .data 	d_a_alldie.o 
  00000000 000020 00000000 000005c0  4 l_daAlldie_Method 	d_a_alldie.o 
  00000020 000030 00000020 000005e0  4 g_profile_ALLDIE 	d_a_alldie.o 


.sdata section layout
  Starting        Virtual  File
  address  Size   address  offset
  ---------------------------------


.sbss section layout
  Starting        Virtual  File
  address  Size   address  offset
  ---------------------------------


.sdata2 section layout
  Starting        Virtual  File
  address  Size   address  offset
  ---------------------------------


.sbss2 section layout
  Starting        Virtual  File
  address  Size   address  offset
  ---------------------------------


.PPC.EMB.sdata0 section layout
  Starting        Virtual  File
  address  Size   address  offset
  ---------------------------------


.PPC.EMB.sbss0 section layout
  Starting        Virtual  File
  address  Size   address  offset
  ---------------------------------


.bss section layout
  Starting        Virtual  File
  address  Size   address  offset
  ---------------------------------


Memory map:
                   Starting Size     File
                   address           Offset
   .compress.init  00000000 00000000 00000040
            .init  00000000 00000000 00000040
   .compress.text  00000000 00000000 00000040
            .text  00000000 0000057c 00000040
   .compress.fini  00000000 00000000 000005bc
            .fini  00000000 00000000 000005bc
          .rodata  00000000 00000000 000005bc
           .ctors  00000000 00000000 000005bc
           .dtors  00000000 00000000 000005bc
            extab  00000000 00000000 000005bc
       extabindex  00000000 00000000 000005bc
          .BINARY  00000000 00000000 000005bc
            .data  00000000 00000050 000005c0
             .got  00000000 00000000 00000610
           .sdata  00000000 00000000 00000610
            .sbss  00000000 00000000 00000610
          .sdata2  00000000 00000000 00000610
           .sbss2  00000000 00000000 00000610
  .PPC.EMB.sdata0  00000000 00000000 00000610
   .PPC.EMB.sbss0  00000000 00000000 00000610
             .bss  00000000 00000000 00000610
